2025-09-23 08:12:00 | WARN | repo=pv243-a4m36jee-2016-cdi-seminar | action=commit
2025-04-03 07:13:00 | WARN | repo=pv243-a4m36jee-2016-cdi-seminar | action=test | passed=true
2025-01-22 10:16:00 | WARN | repo=pv243-a4m36jee-2016-cdi-seminar | action=commit
2025-03-23 21:15:00 | WARN | repo=pv243-a4m36jee-2016-cdi-seminar | action=commit
2025-05-05 19:09:00 | WARN | repo=pv243-a4m36jee-2016-cdi-seminar | action=commit
2025-10-08 13:37:00 | INFO | repo=pv243-a4m36jee-2016-cdi-seminar | action=commit
2025-01-19 16:10:00 | DEBUG | repo=pv243-a4m36jee-2016-cdi-seminar | action=edit | files=2
2025-08-13 17:41:00 | DEBUG | repo=pv243-a4m36jee-2016-cdi-seminar | action=commit
2025-09-11 17:05:00 | INFO | repo=pv243-a4m36jee-2016-cdi-seminar | action=commit
2025-12-22 13:09:00 | INFO | repo=pv243-a4m36jee-2016-cdi-seminar | action=edit | files=1
2025-07-24 13:07:00 | DEBUG | repo=pv243-a4m36jee-2016-cdi-seminar | action=commit
2025-08-10 20:53:00 | INFO | repo=pv243-a4m36jee-2016-cdi-seminar | action=pull
2025-07-27 07:25:00 | INFO | repo=pv243-a4m36jee-2016-cdi-seminar | action=commit
2025-11-15 17:44:00 | WARN | repo=pv243-a4m36jee-2016-cdi-seminar | action=pull
2025-06-07 15:28:00 | WARN | repo=pv243-a4m36jee-2016-cdi-seminar | action=commit
2025-12-15 10:43:00 | INFO | repo=pv243-a4m36jee-2016-cdi-seminar | action=commit
2025-09-02 21:55:00 | INFO | repo=pv243-a4m36jee-2016-cdi-seminar | action=commit
2025-06-06 11:12:00 | INFO | repo=pv243-a4m36jee-2016-cdi-seminar | action=commit
2025-08-11 07:30:00 | WARN | repo=pv243-a4m36jee-2016-cdi-seminar | action=commit
2025-11-12 11:48:00 | INFO | repo=pv243-a4m36jee-2016-cdi-seminar | action=commit
2025-04-24 19:09:00 | INFO | repo=pv243-a4m36jee-2016-cdi-seminar | action=edit | files=5
2025-12-13 10:35:00 | INFO | repo=pv243-a4m36jee-2016-cdi-seminar | action=commit
2025-10-04 20:05:00 | INFO | repo=pv243-a4m36jee-2016-cdi-seminar | action=commit
2025-04-21 08:35:00 | WARN | repo=pv243-a4m36jee-2016-cdi-seminar | action=pull
2025-06-08 11:31:00 | DEBUG | repo=pv243-a4m36jee-2016-cdi-seminar | action=commit
2025-04-15 16:00:00 | WARN | repo=pv243-a4m36jee-2016-cdi-seminar | action=commit
2025-09-21 08:41:00 | WARN | repo=pv243-a4m36jee-2016-cdi-seminar | action=commit
2025-06-12 09:09:00 | INFO | repo=pv243-a4m36jee-2016-cdi-seminar | action=commit
2025-06-04 14:05:00 | DEBUG | repo=pv243-a4m36jee-2016-cdi-seminar | action=pull
2025-02-01 13:03:00 | DEBUG | repo=pv243-a4m36jee-2016-cdi-seminar | action=commit
2025-10-25 07:37:00 | WARN | repo=pv243-a4m36jee-2016-cdi-seminar | action=commit
2025-05-03 21:39:00 | INFO | repo=pv243-a4m36jee-2016-cdi-seminar | action=commit
2025-01-27 08:57:00 | WARN | repo=pv243-a4m36jee-2016-cdi-seminar | action=commit
2025-06-02 18:55:00 | DEBUG | repo=pv243-a4m36jee-2016-cdi-seminar | action=commit
2025-03-27 20:33:00 | WARN | repo=pv243-a4m36jee-2016-cdi-seminar | action=commit
2025-12-09 21:34:00 | DEBUG | repo=pv243-a4m36jee-2016-cdi-seminar | action=commit
2025-12-17 15:07:00 | WARN | repo=pv243-a4m36jee-2016-cdi-seminar | action=commit
2025-07-01 21:04:00 | INFO | repo=pv243-a4m36jee-2016-cdi-seminar | action=commit
2025-07-03 10:45:00 | DEBUG | repo=pv243-a4m36jee-2016-cdi-seminar | action=commit
2025-08-08 08:33:00 | WARN | repo=pv243-a4m36jee-2016-cdi-seminar | action=edit | files=5
2025-10-25 20:11:00 | INFO | repo=pv243-a4m36jee-2016-cdi-seminar | action=commit
2025-07-06 18:32:00 | INFO | repo=pv243-a4m36jee-2016-cdi-seminar | action=test | passed=true
2025-04-17 19:57:00 | DEBUG | repo=pv243-a4m36jee-2016-cdi-seminar | action=commit
2025-03-15 07:51:00 | INFO | repo=pv243-a4m36jee-2016-cdi-seminar | action=commit
2025-08-24 18:29:00 | INFO | repo=pv243-a4m36jee-2016-cdi-seminar | action=commit
2025-09-17 18:32:00 | INFO | repo=pv243-a4m36jee-2016-cdi-seminar | action=commit
2025-08-20 19:28:00 | WARN | repo=pv243-a4m36jee-2016-cdi-seminar | action=commit
2025-11-27 17:46:00 | WARN | repo=pv243-a4m36jee-2016-cdi-seminar | action=commit
2025-10-12 09:06:00 | DEBUG | repo=pv243-a4m36jee-2016-cdi-seminar | action=commit
2025-06-28 13:55:00 | WARN | repo=pv243-a4m36jee-2016-cdi-seminar | action=commit
2025-06-17 18:20:00 | WARN | repo=pv243-a4m36jee-2016-cdi-seminar | action=pull
2025-03-09 14:28:00 | WARN | repo=pv243-a4m36jee-2016-cdi-seminar | action=commit
2025-07-02 20:33:00 | INFO | repo=pv243-a4m36jee-2016-cdi-seminar | action=commit
2025-04-07 18:46:00 | WARN | repo=pv243-a4m36jee-2016-cdi-seminar | action=pull
2025-10-13 09:20:00 | DEBUG | repo=pv243-a4m36jee-2016-cdi-seminar | action=commit
2025-09-23 12:30:00 | INFO | repo=pv243-a4m36jee-2016-cdi-seminar | action=commit
2025-05-24 15:12:00 | INFO | repo=pv243-a4m36jee-2016-cdi-seminar | action=commit
2025-03-18 14:41:00 | WARN | repo=pv243-a4m36jee-2016-cdi-seminar | action=test | passed=true
2025-03-17 10:03:00 | DEBUG | repo=pv243-a4m36jee-2016-cdi-seminar | action=commit
2025-07-02 20:32:00 | DEBUG | repo=pv243-a4m36jee-2016-cdi-seminar | action=pull
2025-05-16 07:04:00 | DEBUG | repo=pv243-a4m36jee-2016-cdi-seminar | action=commit
2025-01-21 11:00:00 | INFO | repo=pv243-a4m36jee-2016-cdi-seminar | action=commit
